// Jest Snapshot v1, https://jestjs.io/docs/snapshot-testing

exports[`DashboardTemplate Snapshot Tests should match snapshot 1`] = `
<div
  aria-label="Dashboard template"
  class="mat-mdc-card"
  data-testid="dashboard-template"
  role="main"
  style="overflow: hidden;"
>
  <div
    style="border-bottom: 1px solid var(--mat-sys-outline-variant); background-color: var(--mat-sys-surface-container); padding: 16px;"
  >
    <div
      style="display: flex; align-items: center; justify-content: space-between;"
    >
      <h3
        style="font-size: 1.25rem; line-height: 1.75rem; font-weight: 700;"
      >
        Dashboard
      </h3>
      <div
        style="display: flex; align-items: center; gap: 8px;"
      >
        <button
          class="mdc-button mat-mdc-button-base mat-mdc-button mat-primary"
          data-testid="form-button-[object Object]"
          type="button"
        >
          <span
            class="mat-mdc-button-touch-target"
          />
          <span
            class="mat-mdc-button-ripple"
          />
          <span
            class="mat-mdc-button-persistent-ripple"
          />
          <span
            class="mat-focus-indicator"
          />
          <span
            class="mdc-button__label"
          >
            <span
              aria-hidden="true"
              class="material-symbols-outlined"
              style="font-size: 24px; font-variation-settings: 'FILL' 0, 'wght' 400, 'GRAD' 0, 'opsz' 24;"
            >
              notifications
            </span>
          </span>
        </button>
        <button
          class="mdc-button mat-mdc-button-base mat-mdc-button mat-primary"
          data-testid="form-button-[object Object]"
          type="button"
        >
          <span
            class="mat-mdc-button-touch-target"
          />
          <span
            class="mat-mdc-button-ripple"
          />
          <span
            class="mat-mdc-button-persistent-ripple"
          />
          <span
            class="mat-focus-indicator"
          />
          <span
            class="mdc-button__label"
          >
            <span
              aria-hidden="true"
              class="material-symbols-outlined"
              style="font-size: 24px; font-variation-settings: 'FILL' 0, 'wght' 400, 'GRAD' 0, 'opsz' 24;"
            >
              settings
            </span>
          </span>
        </button>
        <div
          aria-label="User"
          class="avatar"
          role="img"
          style="width: 32px; height: 32px;"
        >
          <img
            alt="User"
            src="https://i.pravatar.cc/150?img=4"
          />
        </div>
      </div>
    </div>
  </div>
  <div
    style="display: flex;"
  >
    <aside
      class="sidebar"
    >
      <nav
        style="display: flex; flex-direction: column; gap: 4px;"
      >
        <button
          class="mdc-button mat-mdc-button-base mat-mdc-unelevated-button mat-primary"
          data-testid="form-button-[object Object],Over"
          style="width: 100%; justify-content: flex-start;"
          type="button"
        >
          <span
            class="mat-mdc-button-touch-target"
          />
          <span
            class="mat-mdc-button-ripple"
          />
          <span
            class="mat-mdc-button-persistent-ripple"
          />
          <span
            class="mat-focus-indicator"
          />
          <span
            class="mdc-button__label"
          >
            <span
              aria-hidden="true"
              class="material-symbols-outlined"
              style="font-size: 24px; font-variation-settings: 'FILL' 0, 'wght' 400, 'GRAD' 0, 'opsz' 24; margin-right: 8px;"
            >
              home
            </span>
            Overview
          </span>
        </button>
        <button
          class="mdc-button mat-mdc-button-base mat-mdc-button mat-primary"
          data-testid="form-button-[object Object],Anal"
          style="width: 100%; justify-content: flex-start;"
          type="button"
        >
          <span
            class="mat-mdc-button-touch-target"
          />
          <span
            class="mat-mdc-button-ripple"
          />
          <span
            class="mat-mdc-button-persistent-ripple"
          />
          <span
            class="mat-focus-indicator"
          />
          <span
            class="mdc-button__label"
          >
            <span
              aria-hidden="true"
              class="material-symbols-outlined"
              style="font-size: 24px; font-variation-settings: 'FILL' 0, 'wght' 400, 'GRAD' 0, 'opsz' 24; margin-right: 8px;"
            >
              bar_chart
            </span>
            Analytics
          </span>
        </button>
        <button
          class="mdc-button mat-mdc-button-base mat-mdc-button mat-primary"
          data-testid="form-button-[object Object],Proj"
          style="width: 100%; justify-content: flex-start;"
          type="button"
        >
          <span
            class="mat-mdc-button-touch-target"
          />
          <span
            class="mat-mdc-button-ripple"
          />
          <span
            class="mat-mdc-button-persistent-ripple"
          />
          <span
            class="mat-focus-indicator"
          />
          <span
            class="mdc-button__label"
          >
            <span
              aria-hidden="true"
              class="material-symbols-outlined"
              style="font-size: 24px; font-variation-settings: 'FILL' 0, 'wght' 400, 'GRAD' 0, 'opsz' 24; margin-right: 8px;"
            >
              folder
            </span>
            Projects
          </span>
        </button>
        <button
          class="mdc-button mat-mdc-button-base mat-mdc-button mat-primary"
          data-testid="form-button-[object Object],Team"
          style="width: 100%; justify-content: flex-start;"
          type="button"
        >
          <span
            class="mat-mdc-button-touch-target"
          />
          <span
            class="mat-mdc-button-ripple"
          />
          <span
            class="mat-mdc-button-persistent-ripple"
          />
          <span
            class="mat-focus-indicator"
          />
          <span
            class="mdc-button__label"
          >
            <span
              aria-hidden="true"
              class="material-symbols-outlined"
              style="font-size: 24px; font-variation-settings: 'FILL' 0, 'wght' 400, 'GRAD' 0, 'opsz' 24; margin-right: 8px;"
            >
              group
            </span>
            Team
          </span>
        </button>
      </nav>
    </aside>
    <main
      style="flex: 1 1 0%; padding: 24px;"
    >
      <div
        style="display: flex; flex-direction: column; gap: 24px;"
      >
        <div
          style="display: flex; align-items: center; justify-content: space-between;"
        >
          <div>
            <h1
              style="font-size: 1.875rem; line-height: 2.25rem; font-weight: 700;"
            >
              Overview
            </h1>
            <p
              style="color: var(--mat-sys-on-surface-variant);"
            >
              Welcome back, here's what's happening
            </p>
          </div>
          <button
            class="mdc-button mat-mdc-button-base mat-mdc-button mat-primary"
            data-testid="form-button-[object Object],New "
            type="button"
          >
            <span
              class="mat-mdc-button-touch-target"
            />
            <span
              class="mat-mdc-button-ripple"
            />
            <span
              class="mat-mdc-button-persistent-ripple"
            />
            <span
              class="mat-focus-indicator"
            />
            <span
              class="mdc-button__label"
            >
              <span
                aria-hidden="true"
                class="material-symbols-outlined"
                style="font-size: 24px; font-variation-settings: 'FILL' 0, 'wght' 400, 'GRAD' 0, 'opsz' 24; margin-right: 8px;"
              >
                add
              </span>
              New Project
            </span>
          </button>
        </div>
        <div
          class="statsGrid"
        >
          <div
            class="mat-mdc-card"
            style="padding: 24px;"
          >
            <div
              style="display: flex; align-items: center; justify-content: space-between;"
            >
              <div>
                <p
                  style="font-size: 0.875rem; line-height: 1.25rem; color: var(--mat-sys-on-surface-variant);"
                >
                  Total Revenue
                </p>
                <p
                  style="font-size: 1.875rem; line-height: 2.25rem; font-weight: 700; margin-top: 8px;"
                >
                  $45,231
                </p>
                <p
                  style="font-size: 0.875rem; line-height: 1.25rem; color: var(--mat-sys-secondary-container); margin-top: 8px; display: flex; align-items: center; gap: 4px;"
                >
                  <span
                    aria-hidden="true"
                    class="material-symbols-outlined"
                    style="font-size: 16px; font-variation-settings: 'FILL' 0, 'wght' 400, 'GRAD' 0, 'opsz' 24;"
                  >
                    trending_up
                  </span>
                  +20.1% from last month
                </p>
              </div>
            </div>
          </div>
          <div
            class="mat-mdc-card"
            style="padding: 24px;"
          >
            <div
              style="display: flex; align-items: center; justify-content: space-between;"
            >
              <div>
                <p
                  style="font-size: 0.875rem; line-height: 1.25rem; color: var(--mat-sys-on-surface-variant);"
                >
                  Active Users
                </p>
                <p
                  style="font-size: 1.875rem; line-height: 2.25rem; font-weight: 700; margin-top: 8px;"
                >
                  2,350
                </p>
                <p
                  style="font-size: 0.875rem; line-height: 1.25rem; color: var(--mat-sys-secondary-container); margin-top: 8px; display: flex; align-items: center; gap: 4px;"
                >
                  <span
                    aria-hidden="true"
                    class="material-symbols-outlined"
                    style="font-size: 16px; font-variation-settings: 'FILL' 0, 'wght' 400, 'GRAD' 0, 'opsz' 24;"
                  >
                    trending_up
                  </span>
                  +12.5% from last month
                </p>
              </div>
            </div>
          </div>
          <div
            class="mat-mdc-card"
            style="padding: 24px;"
          >
            <div
              style="display: flex; align-items: center; justify-content: space-between;"
            >
              <div>
                <p
                  style="font-size: 0.875rem; line-height: 1.25rem; color: var(--mat-sys-on-surface-variant);"
                >
                  Total Orders
                </p>
                <p
                  style="font-size: 1.875rem; line-height: 2.25rem; font-weight: 700; margin-top: 8px;"
                >
                  1,234
                </p>
                <p
                  style="font-size: 0.875rem; line-height: 1.25rem; color: var(--mat-sys-secondary-container); margin-top: 8px; display: flex; align-items: center; gap: 4px;"
                >
                  <span
                    aria-hidden="true"
                    class="material-symbols-outlined"
                    style="font-size: 16px; font-variation-settings: 'FILL' 0, 'wght' 400, 'GRAD' 0, 'opsz' 24;"
                  >
                    trending_up
                  </span>
                  +8.2% from last month
                </p>
              </div>
            </div>
          </div>
        </div>
        <div
          class="activityGrid"
        >
          <div
            class="mat-mdc-card"
          >
            <div
              style="padding: 16px; border-bottom: 1px solid var(--mat-sys-outline-variant);"
            >
              <h3
                style="font-weight: 600;"
              >
                Recent Activity
              </h3>
            </div>
            <div
              style="padding: 16px; display: flex; flex-direction: column; gap: 16px;"
            >
              <div
                style="display: flex; align-items: flex-start; gap: 12px;"
              >
                <div
                  aria-label="User 1"
                  class="avatar"
                  role="img"
                  style="width: 32px; height: 32px;"
                >
                  <img
                    alt="User 1"
                    src="https://i.pravatar.cc/150?img=11"
                  />
                </div>
                <div
                  style="flex: 1 1 0%;"
                >
                  <p
                    style="font-size: 0.875rem; line-height: 1.25rem;"
                  >
                    <span
                      style="font-weight: 500;"
                    >
                      User 
                      1
                    </span>
                     completed a task
                  </p>
                  <p
                    style="font-size: 0.75rem; line-height: 1rem; color: var(--mat-sys-on-surface-variant);"
                  >
                    2 hours ago
                  </p>
                </div>
              </div>
              <div
                style="display: flex; align-items: flex-start; gap: 12px;"
              >
                <div
                  aria-label="User 2"
                  class="avatar"
                  role="img"
                  style="width: 32px; height: 32px;"
                >
                  <img
                    alt="User 2"
                    src="https://i.pravatar.cc/150?img=12"
                  />
                </div>
                <div
                  style="flex: 1 1 0%;"
                >
                  <p
                    style="font-size: 0.875rem; line-height: 1.25rem;"
                  >
                    <span
                      style="font-weight: 500;"
                    >
                      User 
                      2
                    </span>
                     completed a task
                  </p>
                  <p
                    style="font-size: 0.75rem; line-height: 1rem; color: var(--mat-sys-on-surface-variant);"
                  >
                    2 hours ago
                  </p>
                </div>
              </div>
              <div
                style="display: flex; align-items: flex-start; gap: 12px;"
              >
                <div
                  aria-label="User 3"
                  class="avatar"
                  role="img"
                  style="width: 32px; height: 32px;"
                >
                  <img
                    alt="User 3"
                    src="https://i.pravatar.cc/150?img=13"
                  />
                </div>
                <div
                  style="flex: 1 1 0%;"
                >
                  <p
                    style="font-size: 0.875rem; line-height: 1.25rem;"
                  >
                    <span
                      style="font-weight: 500;"
                    >
                      User 
                      3
                    </span>
                     completed a task
                  </p>
                  <p
                    style="font-size: 0.75rem; line-height: 1rem; color: var(--mat-sys-on-surface-variant);"
                  >
                    2 hours ago
                  </p>
                </div>
              </div>
            </div>
          </div>
          <div
            class="mat-mdc-card"
          >
            <div
              style="padding: 16px; border-bottom: 1px solid var(--mat-sys-outline-variant);"
            >
              <h3
                style="font-weight: 600;"
              >
                Quick Actions
              </h3>
            </div>
            <div
              style="padding: 16px; display: flex; flex-direction: column; gap: 12px;"
            >
              <button
                class="mdc-button mat-mdc-button-base mat-mdc-outlined-button mat-primary"
                data-testid="form-button-[object Object],Crea"
                style="width: 100%; justify-content: flex-start;"
                type="button"
              >
                <span
                  class="mat-mdc-button-touch-target"
                />
                <span
                  class="mat-mdc-button-ripple"
                />
                <span
                  class="mat-mdc-button-persistent-ripple"
                />
                <span
                  class="mat-focus-indicator"
                />
                <span
                  class="mdc-button__label"
                >
                  <span
                    aria-hidden="true"
                    class="material-symbols-outlined"
                    style="font-size: 24px; font-variation-settings: 'FILL' 0, 'wght' 400, 'GRAD' 0, 'opsz' 24; margin-right: 8px;"
                  >
                    add
                  </span>
                  Create New Project
                </span>
              </button>
              <button
                class="mdc-button mat-mdc-button-base mat-mdc-outlined-button mat-primary"
                data-testid="form-button-[object Object],Invi"
                style="width: 100%; justify-content: flex-start;"
                type="button"
              >
                <span
                  class="mat-mdc-button-touch-target"
                />
                <span
                  class="mat-mdc-button-ripple"
                />
                <span
                  class="mat-mdc-button-persistent-ripple"
                />
                <span
                  class="mat-focus-indicator"
                />
                <span
                  class="mdc-button__label"
                >
                  <span
                    aria-hidden="true"
                    class="material-symbols-outlined"
                    style="font-size: 24px; font-variation-settings: 'FILL' 0, 'wght' 400, 'GRAD' 0, 'opsz' 24; margin-right: 8px;"
                  >
                    group
                  </span>
                  Invite Team Members
                </span>
              </button>
              <button
                class="mdc-button mat-mdc-button-base mat-mdc-outlined-button mat-primary"
                data-testid="form-button-[object Object],Brow"
                style="width: 100%; justify-content: flex-start;"
                type="button"
              >
                <span
                  class="mat-mdc-button-touch-target"
                />
                <span
                  class="mat-mdc-button-ripple"
                />
                <span
                  class="mat-mdc-button-persistent-ripple"
                />
                <span
                  class="mat-focus-indicator"
                />
                <span
                  class="mdc-button__label"
                >
                  <span
                    aria-hidden="true"
                    class="material-symbols-outlined"
                    style="font-size: 24px; font-variation-settings: 'FILL' 0, 'wght' 400, 'GRAD' 0, 'opsz' 24; margin-right: 8px;"
                  >
                    folder
                  </span>
                  Browse Templates
                </span>
              </button>
            </div>
          </div>
        </div>
      </div>
    </main>
  </div>
</div>
`;
