// Jest Snapshot v1, https://jestjs.io/docs/snapshot-testing

exports[`ContentPreviewCardsSection Snapshot Tests should match snapshot 1`] = `
<section
  aria-label="Content preview card examples"
  data-testid="content-preview-cards-section"
  role="region"
  style="display: flex; flex-direction: column; gap: 24px;"
>
  <div>
    <h2
      style="font-size: 1.875rem; line-height: 2.25rem; font-weight: 700; margin-bottom: 8px;"
    >
      Content Preview Cards
    </h2>
    <p
      style="color: var(--mat-sys-on-surface-variant);"
    >
      Compact cards displaying content with metadata
    </p>
  </div>
  <div
    class="previewGrid"
  >
    <div
      class="mat-mdc-card p-6 previewCard"
    >
      <div
        style="display: flex; flex-direction: column; gap: 16px;"
      >
        <div
          style="display: flex; align-items: flex-start; justify-content: space-between; gap: 16px;"
        >
          <div
            style="display: flex; flex-direction: column; gap: 4px;"
          >
            <h3
              style="font-weight: 600; font-size: 1.125rem; line-height: 1.75rem; overflow: hidden; display: -webkit-box; -webkit-line-clamp: 2;"
            >
              Building Scalable Design Systems
            </h3>
            <p
              style="font-size: 0.875rem; line-height: 1.25rem; color: var(--mat-sys-on-surface-variant);"
            >
              Learn how to create and maintain design systems that grow with your team.
            </p>
          </div>
        </div>
        <div
          style="display: flex; align-items: center; gap: 16px; font-size: 0.875rem; line-height: 1.25rem; color: var(--mat-sys-on-surface-variant);"
        >
          <div
            style="display: flex; align-items: center; gap: 4px;"
          >
            <span
              aria-hidden="true"
              class="material-symbols-outlined"
              style="font-size: 16px; font-variation-settings: 'FILL' 0, 'wght' 400, 'GRAD' 0, 'opsz' 24;"
            >
              calendar_today
            </span>
            <span>
              Mar 15, 2024
            </span>
          </div>
          <span>
            •
          </span>
          <span>
            5 min read
          </span>
        </div>
        <div
          style="display: flex; gap: 8px;"
        >
          <span
            class="chip chipOutlined"
          >
            Design
          </span>
          <span
            class="chip chipOutlined"
          >
            System
          </span>
        </div>
      </div>
    </div>
    <div
      class="mat-mdc-card p-6 previewCard"
    >
      <div
        style="display: flex; flex-direction: column; gap: 16px;"
      >
        <div
          style="display: flex; align-items: flex-start; justify-content: space-between; gap: 16px;"
        >
          <div
            style="display: flex; flex-direction: column; gap: 4px;"
          >
            <h3
              style="font-weight: 600; font-size: 1.125rem; line-height: 1.75rem; overflow: hidden; display: -webkit-box; -webkit-line-clamp: 2;"
            >
              Advanced TypeScript Patterns
            </h3>
            <p
              style="font-size: 0.875rem; line-height: 1.25rem; color: var(--mat-sys-on-surface-variant);"
            >
              Explore advanced type system features and practical patterns for production apps.
            </p>
          </div>
        </div>
        <div
          style="display: flex; align-items: center; gap: 16px; font-size: 0.875rem; line-height: 1.25rem; color: var(--mat-sys-on-surface-variant);"
        >
          <div
            style="display: flex; align-items: center; gap: 4px;"
          >
            <span
              aria-hidden="true"
              class="material-symbols-outlined"
              style="font-size: 16px; font-variation-settings: 'FILL' 0, 'wght' 400, 'GRAD' 0, 'opsz' 24;"
            >
              calendar_today
            </span>
            <span>
              Mar 12, 2024
            </span>
          </div>
          <span>
            •
          </span>
          <span>
            8 min read
          </span>
        </div>
        <div
          style="display: flex; gap: 8px;"
        >
          <span
            class="chip chipOutlined"
          >
            TypeScript
          </span>
          <span
            class="chip chipOutlined"
          >
            Tutorial
          </span>
        </div>
      </div>
    </div>
  </div>
</section>
`;
